// Vitest Snapshot v1, https://vitest.dev/guide/snapshot.html

exports[`ChipSelection > renders with correct labels and help text 1`] = `
<div>
  <div
    class="MuiStack-root css-14g5whm-MuiStack-root"
  >
    <div
      aria-label="Help text for Chip 1"
      class="MuiButtonBase-root MuiChip-root MuiChip-outlined MuiChip-sizeMedium MuiChip-colorPrimary MuiChip-clickable MuiChip-clickableColorPrimary MuiChip-outlinedPrimary css-s419k8-MuiButtonBase-root-MuiChip-root"
      data-mui-internal-clone-element="true"
      role="button"
      tabindex="0"
    >
      <span
        class="MuiChip-label MuiChip-labelMedium css-16cgrcw-MuiChip-label"
      >
        Chip 1
      </span>
    </div>
    <div
      aria-label="Help text for Chip 2"
      class="MuiButtonBase-root MuiChip-root MuiChip-filled MuiChip-sizeMedium MuiChip-colorPrimary MuiChip-clickable MuiChip-clickableColorPrimary MuiChip-filledPrimary css-1pymu8d-MuiButtonBase-root-MuiChip-root"
      data-mui-internal-clone-element="true"
      role="button"
      tabindex="0"
    >
      <span
        class="MuiChip-label MuiChip-labelMedium css-1dybbl5-MuiChip-label"
      >
        Chip 2
      </span>
    </div>
  </div>
</div>
`;

exports[`ChipSelection > renders with trueChip right 1`] = `
<div>
  <div
    class="MuiStack-root css-14g5whm-MuiStack-root"
  >
    <div
      aria-label="Help text for Chip 1"
      class="MuiButtonBase-root MuiChip-root MuiChip-filled MuiChip-sizeMedium MuiChip-colorPrimary MuiChip-clickable MuiChip-clickableColorPrimary MuiChip-filledPrimary css-1pymu8d-MuiButtonBase-root-MuiChip-root"
      data-mui-internal-clone-element="true"
      role="button"
      tabindex="0"
    >
      <span
        class="MuiChip-label MuiChip-labelMedium css-1dybbl5-MuiChip-label"
      >
        Chip 1
      </span>
    </div>
    <div
      aria-label="Help text for Chip 2"
      class="MuiButtonBase-root MuiChip-root MuiChip-outlined MuiChip-sizeMedium MuiChip-colorPrimary MuiChip-clickable MuiChip-clickableColorPrimary MuiChip-outlinedPrimary css-s419k8-MuiButtonBase-root-MuiChip-root"
      data-mui-internal-clone-element="true"
      role="button"
      tabindex="0"
    >
      <span
        class="MuiChip-label MuiChip-labelMedium css-16cgrcw-MuiChip-label"
      >
        Chip 2
      </span>
    </div>
  </div>
</div>
`;
