// Vitest Snapshot v1, https://vitest.dev/guide/snapshot.html

exports[`BeadLine component > renders with valid boxData and lang 1`] = `
<div>
  <svg
    height="100"
    style="display: block; margin: auto;"
    viewBox="0 0 950 130"
    width="100%"
  >
    <g
      class="visx-group"
      transform="translate(30, 30)"
    >
      <g
        class="visx-group visx-axis visx-axis-bottom"
        transform="translate(0, 0)"
      >
        <line
          class="visx-line visx-axis-line"
          fill="transparent"
          shape-rendering="crispEdges"
          stroke="black"
          stroke-width="2"
          x1="0.5"
          x2="890.5"
          y1="0"
          y2="0"
        />
        <svg
          font-size="22"
          style="overflow: visible;"
          x="0"
          y="0"
        >
          <text
            class="visx-axis-label"
            fill="#222"
            font-family="Arial"
            font-size="22"
            font-weight="bold"
            text-anchor="middle"
            x="445"
            y="60"
          >
            <tspan
              dy="0em"
              x="445"
            >
              test
            </tspan>
          </text>
        </svg>
      </g>
    </g>
    <g
      class="visx-group"
      transform="translate(30, 30)"
    >
      <circle
        data-testid="circle_Finnmark_unselected"
        fill="rgba(171, 108, 166, 0.8)"
        r="20"
      />
      <circle
        data-testid="circle_UNN_unselected"
        fill="rgba(171, 108, 166, 0.8)"
        r="20"
      />
      <circle
        data-testid="circle_Nordland_unselected"
        fill="rgba(171, 108, 166, 0.8)"
        r="20"
      />
      <circle
        data-testid="circle_Helgeland_unselected"
        fill="rgba(171, 108, 166, 0.8)"
        r="20"
      />
      <circle
        data-testid="circle_Nord-Trøndelag_unselected"
        fill="rgba(171, 108, 166, 0.8)"
        r="20"
      />
      <circle
        data-testid="circle_St. Olav_unselected"
        fill="rgba(171, 108, 166, 0.8)"
        r="20"
      />
      <circle
        data-testid="circle_Møre og Romsdal_unselected"
        fill="rgba(171, 108, 166, 0.8)"
        r="20"
      />
      <circle
        data-testid="circle_Førde_unselected"
        fill="rgba(171, 108, 166, 0.8)"
        r="20"
      />
      <circle
        data-testid="circle_Bergen_unselected"
        fill="rgba(171, 108, 166, 0.8)"
        r="20"
      />
      <circle
        data-testid="circle_Fonna_unselected"
        fill="rgba(171, 108, 166, 0.8)"
        r="20"
      />
      <circle
        data-testid="circle_Stavanger_unselected"
        fill="rgba(171, 108, 166, 0.8)"
        r="20"
      />
      <circle
        data-testid="circle_Østfold_unselected"
        fill="rgba(171, 108, 166, 0.8)"
        r="20"
      />
      <circle
        data-testid="circle_Akershus_unselected"
        fill="rgba(171, 108, 166, 0.8)"
        r="20"
      />
      <circle
        data-testid="circle_OUS_unselected"
        fill="rgba(171, 108, 166, 0.8)"
        r="20"
      />
      <circle
        data-testid="circle_Lovisenberg_unselected"
        fill="rgba(171, 108, 166, 0.8)"
        r="20"
      />
      <circle
        data-testid="circle_Diakonhjemmet_unselected"
        fill="rgba(171, 108, 166, 0.8)"
        r="20"
      />
      <circle
        data-testid="circle_Innlandet_unselected"
        fill="rgba(171, 108, 166, 0.8)"
        r="20"
      />
      <circle
        data-testid="circle_Vestre Viken_unselected"
        fill="rgba(171, 108, 166, 0.8)"
        r="20"
      />
      <circle
        data-testid="circle_Vestfold_unselected"
        fill="rgba(171, 108, 166, 0.8)"
        r="20"
      />
      <circle
        data-testid="circle_Telemark_unselected"
        fill="rgba(171, 108, 166, 0.8)"
        r="20"
      />
      <circle
        data-testid="circle_Sørlandet_unselected"
        fill="rgba(171, 108, 166, 0.8)"
        r="20"
      />
      <circle
        data-testid="circle_Norge_unselected"
        fill="rgba(120, 45, 135, 0.8)"
        r="20"
      />
    </g>
  </svg>
  <div
    class="_legendContainer_affb27"
  >
    <ul
      class="_legendUL_affb27"
    >
      <li
        class="_legendLI_affb27"
      >
        <div
          class="_legendAnnualVar_affb27"
        >
          <svg
            height="20px"
            width="20px"
          >
            <circle
              cx="10"
              cy="10"
              fill="rgba(171, 108, 166, 0.8)"
              r="7"
            />
          </svg>
        </div>
        Opptaksområder
      </li>
      <li
        class="_legendLI_affb27"
      >
        <div
          class="_legendAnnualVar_affb27"
        >
          <svg
            height="20px"
            width="20px"
          >
            <circle
              cx="10"
              cy="10"
              fill="rgba(120, 45, 135, 0.8)"
              r="7"
            />
          </svg>
        </div>
        Norge
      </li>
    </ul>
  </div>
</div>
`;
